// Jest Snapshot v1, https://goo.gl/fbAQLP

exports[`matches snapshot 1`] = `
<div
  className="sc-bdvvtL kUelhD"
  style={Object {}}
>
  <div
    className="error"
    data-testid="error"
    style={
      Object {
        "color": "red",
      }
    }
  >
    any
  </div>
</div>
`;
